<!DOCTYPE html>
<html>
<head>
  <title>About</title>
  <link rel="icon" type="image/png" sizes="16x16" href="/img/favicons/favicon-16x16.png">
<link rel="icon" type="image/png" sizes="32x32" href="/img/favicons/favicon-32x32.png">
<link rel="icon" type="image/png" sizes="48x48" href="/img/favicons/favicon-48x48.png">
<link rel="icon" type="image/x-icon" href="/img/favicons/favicon.ico">
</head>
<body>
  <h1>About</h1>
</body>
</html>