<!DOCTYPE html>
<html>
<head>
  <title>Home</title>
  <link rel="icon" type="image/png" sizes="16x16" href="/img/favicons/favicon-16x16.png">
<link rel="icon" type="image/png" sizes="32x32" href="/img/favicons/favicon-32x32.png">
<link rel="icon" type="image/png" sizes="48x48" href="/img/favicons/favicon-48x48.png">
<link rel="icon" type="image/x-icon" href="/img/favicons/favicon.ico">
  <link href="style.bundle.css" rel="stylesheet" />
  <script src="main.bundle.js" defer="defer"></script>
</head>
<body>
  <h1>Home</h1>
</body>
</html>