<!DOCTYPE html>
<html>
<head>
  <title>Test</title>
  <link href="style.8ef4d933.css" rel="stylesheet" />
  <script src="main.5317c1f6.js" defer="defer"></script>
</head>
<body>
  <h1>Hi Webpack!</h1>
  <img src="img/image.697ef306.png" alt="picture">
</body>
</html>