<!DOCTYPE html>
<html>
<head>
  <link href="assets/css/style.bundle.css" rel="stylesheet">
  <script src="assets/js/main.bundle.js" defer="defer"></script>
</head>
<body>
  <h1>Hello World!</h1>
</body>
</html>