<!DOCTYPE html>
<html>
<head>
  <title>Test</title>
  <link href="img/favicon.edda23bf.ico" rel="icon" />
  <link href="style.47f4da55.css" rel="stylesheet" />
  <script src="main.5317c1f6.js" defer="defer"></script>
</head>
<body>
  <h1>Hello World!</h1>
</body>
</html>