<!DOCTYPE html>
<html>
<head>
  <title>Test</title>
  <link href="style.47f4da55.css" rel="stylesheet" />
</head>
<body>
  <h1>Hello World!</h1>
  <p>beforePreprocessor hook - OK</p>
  <p>beforePreprocessor callback - OK</p>
  <p>preprocessor hook - OK</p>
  <p>preprocessor callback - OK</p>
</body>
</html>