<!DOCTYPE html>
<html>
  <head>
    <!-- resize image -->
    <link href="../assets/img/favicon-16w.png" sizes="16x16" type="image/png" rel="icon">
    <link href="../assets/css/main.d362e350.css" rel="stylesheet">
    <script src="../assets/js/main.22938818.js"></script>
  </head>
  <body>
    <h1>Home</h1>

    <!-- default image -->
    <img src="../assets/img/apple-160w.png">

    <!-- resized image -->
    <img src="../assets/img/apple-50w.png" srcset="../assets/img/apple-60w.png w600, ../assets/img/apple-70w.png w700">

    <!-- placeholder via CSS -->
    <div class="header-container placeholder-css"></div>

    <!-- resized image in CSS -->
    <div class="resized-image"></div>
  </body>
</html>