<!DOCTYPE html>
<html>
<head>
  <title>Test</title>
  <link href="index.bundle.css" rel="stylesheet">
  <script src="index.bundle.js" defer="defer"></script>
</head>
<body>
  <h1>Hello World!</h1>
</body>
</html>